🤖 Implemented the sqlite pool slice without committing or pushing.

Changed:
- `omnigent/db/utils.py`
- `tests/db/test_utils.py`
- `tests/db/test_sqlite_pool_concurrency.py`
- `loop-fixes/evidence/iter1/sqlite-pool/PYTEST.txt`
- `README.md`

Summary: Added validated environment overrides with defaults of 32/20/10,
enabled `pool_pre_ping`, preserved WAL pragmas, and added 24-thread concurrency
coverage.

Verification:
- Database suite: `371 passed, 1 skipped`
- Focused tests: `38 passed`
- Concurrency evidence: `1 passed in 0.09s`
- Pre-commit hooks: all passed

Only temporary test dependencies were installed into `.venv`; unrelated working
tree changes were preserved.🤖 Final verification succeeded: 371 database tests passed, 1 skipped, and all
targeted pre-commit hooks passed.

No follow-up is needed. No commit or push was performed.
EXIT:0
